// Jest Snapshot v1, https://goo.gl/fbAQLP

exports[`renders correctly 1`] = `
ShallowWrapper {
  "length": 1,
  Symbol(enzyme.__root__): [Circular],
  Symbol(enzyme.__unrendered__): <Unknown
    text="Sample Text"
  />,
  Symbol(enzyme.__renderer__): Object {
    "batchedUpdates": [Function],
    "getNode": [Function],
    "render": [Function],
    "simulateEvent": [Function],
    "unmount": [Function],
  },
  Symbol(enzyme.__node__): Object {
    "instance": null,
    "key": undefined,
    "nodeType": "class",
    "props": Object {
      "accessible": true,
      "allowFontScaling": true,
      "children": "Sample Text",
      "ellipsizeMode": "tail",
      "style": Object {
        "backgroundColor": "#434343",
        "color": "#fff",
        "fontSize": 20,
        "marginTop": 20,
        "padding": 20,
        "textAlign": "center",
      },
    },
    "ref": null,
    "rendered": "Sample Text",
    "type": [Function],
  },
  Symbol(enzyme.__nodes__): Array [
    Object {
      "instance": null,
      "key": undefined,
      "nodeType": "class",
      "props": Object {
        "accessible": true,
        "allowFontScaling": true,
        "children": "Sample Text",
        "ellipsizeMode": "tail",
        "style": Object {
          "backgroundColor": "#434343",
          "color": "#fff",
          "fontSize": 20,
          "marginTop": 20,
          "padding": 20,
          "textAlign": "center",
        },
      },
      "ref": null,
      "rendered": "Sample Text",
      "type": [Function],
    },
  ],
  Symbol(enzyme.__options__): Object {
    "adapter": ReactSixteenAdapter {
      "options": Object {
        "enableComponentDidUpdateOnSetState": true,
      },
    },
  },
}
`;
